// Jest Snapshot v1, https://goo.gl/fbAQLP

exports[`ListScreen renders correctly 1`] = `
<RCTSafeAreaView
  style={
    {
      "flex": 1,
      "margin": 10,
    }
  }
>
  <RCTScrollView>
    <View />
  </RCTScrollView>
</RCTSafeAreaView>
`;
